 Update from /home/lhaaso/hushicong/Standard_prog_lib/Source_Analysis/Space_energy_Joint_fitting/Developing/v0.99_beta
 Update : Wed 29 Apr 23:53:12 CST 2026
 copy Src_Main.cc ...
 Copy src/Src_Config.h ... 
 Copy src/Src_DGE.h ... 
 Copy src/Src_FittingMode.h ... 
 Copy src/Src_FittingResults.h ... 
 Copy src/Src_Model.h ... 
 Copy src/Src_ROI.h ... 
 Copy src/Src_Src.h ... 
 Copy src/Src_Template.h ... 
 Copy src/Src_MorModel.yaml ... 
 Copy src/Src_SEDModel.yaml ... 
 Copy src/Plugin_KM2A/KM2A_MC.h ... 
 Copy src/Plugin_KM2A/Src_Data_KM2A.h ... 
 Copy src/Plugin_KM2A/Src_Fitting_KM2A.h ... 
 Copy src/Plugin_KM2A/Src_Response_KM2A.h ... 
 Copy src/Plugin_WCDA/Src_Data_WCDA.h ... 
 Copy src/Plugin_WCDA/Src_Fitting_WCDA.h ... 
 Copy src/Plugin_WCDA/Src_Response_WCDA.h ... 
 Copy src/Plugin_WCDA/WCDA_MC.h ... 
 Copy config/Data/KM2A/Data_20210720_20220930.yaml ... 
 Copy config/Data/KM2A/Data_20210720_20230731.yaml ... 
 Copy config/Data/KM2A/Data_20210720_20240131.yaml ... 
 Copy config/Data/KM2A/Data_20210720_20240731.yaml ... 
 Copy config/Data/KM2A/Data_20210720_20241231.yaml ... 
 Copy config/Data/KM2A/Data_20210720_20250731.yaml ... 
 Copy config/Data/WCDA/Mk/Data_20210305_20220930.yaml ... 
 Copy config/Data/WCDA/Mk/Data_20210305_20230731.yaml ... 
 Copy config/Data/WCDA/Cod/Data_20210305_20240131.yaml ... 
 Copy config/Data/WCDA/Cod/Data_20210305_20240731.yaml ... 
 Copy config/Data/WCDA/Cod/Data_20210305_20250731.yaml ... 
